{
    "status": "Completed",
    "timestamp": "20250828_165459",
    "result": {
        "netconf_capabilities": [
            "    1. urn:ietf:params:netconf:base:1.0",
            "    2. urn:ietf:params:netconf:capability:writable-running:1.0",
            "    3. urn:ietf:params:netconf:capability:notification:1.0",
            "    4. urn:ietf:params:netconf:capability:validate:1.0",
            "    5. urn:ietf:params:netconf:capability:validate:1.1",
            "    6. urn:ietf:params:netconf:capability:interleave:1.0",
            "    7. urn:ietf:params:netconf:capability:rollback-on-error:1.0",
            "    8. urn:ietf:params:xml:ns:yang:ietf-netconf-monitoring?module=ietf-netconf-monitoring&revision=2010-10-04",
            "    9. urn:h3c:params:netconf:capability:h3c-netconf-ext:1.0",
            "   10. urn:h3c:params:netconf:capability:h3c-save-point:1.0",
            "   11. urn:h3c:params:netconf:capability:not-need-top:1.0",
            "   12. urn:h3c:params:netconf:capability:module-specified-namespace:1.0",
            "   13. urn:h3c:params:netconf:capability:h3c-name2index:1.1",
            "   14. urn:h3c:params:netconf:capability:h3c-xml2cli:1.0",
            "   15. urn:h3c:params:netconf:capability:h3c-save-safely:1.0",
            "   16. http://www.h3c.com/netconf/data:1.0-WRED?module=WRED&revision=2022-01-19",
            "   17. http://www.h3c.com/netconf/config:1.0-WRED?module=WRED&revision=2022-01-19",
            "   18. http://www.h3c.com/netconf/data:1.0-WebAuth?module=WebAuth&revision=2022-05-09",
            "   19. http://www.h3c.com/netconf/config:1.0-WebAuth?module=WebAuth&revision=2022-05-09",
            "   20. http://www.h3c.com/netconf/action:1.0-WebAuth?module=WebAuth&revision=2021-12-20",
            "   21. http://www.h3c.com/netconf/data:1.0-VXLAN?module=VXLAN&revision=2021-06-09",
            "   22. http://www.h3c.com/netconf/config:1.0-VXLAN?module=VXLAN&revision=2021-06-09",
            "   23. http://www.h3c.com/netconf/data:1.0-VRRP?module=VRRP&revision=2021-12-13",
            "   24. http://www.h3c.com/netconf/config:1.0-VRRP?module=VRRP&revision=2021-12-13",
            "   25. http://www.h3c.com/netconf/data:1.0-VPWS?module=VPWS&revision=2020-05-15",
            "   26. http://www.h3c.com/netconf/config:1.0-VPWS?module=VPWS&revision=2020-05-15",
            "   27. http://www.h3c.com/netconf/data:1.0-VPLS?module=VPLS&revision=2020-05-15",
            "   28. http://www.h3c.com/netconf/config:1.0-VPLS?module=VPLS&revision=2020-05-15",
            "   29. http://www.h3c.com/netconf/data:1.0-VLAN?module=VLAN&revision=2019-06-25",
            "   30. http://www.h3c.com/netconf/config:1.0-VLAN?module=VLAN&revision=2019-06-25",
            "   31. http://www.h3c.com/netconf/action:1.0-VLAN?module=VLAN&revision=2019-06-25",
            "   32. http://www.h3c.com/netconf/data:1.0-VBR?module=VBR&revision=2019-06-25",
            "   33. http://www.h3c.com/netconf/config:1.0-VBR?module=VBR&revision=2019-06-25",
            "   34. http://www.h3c.com/netconf/data:1.0-UserAccounts?module=UserAccounts&revision=2019-09-09",
            "   35. http://www.h3c.com/netconf/config:1.0-UserAccounts?module=UserAccounts&revision=2019-09-09",
            "   36. http://www.h3c.com/netconf/action:1.0-UserAccounts?module=UserAccounts&revision=2019-09-09",
            "   37. http://www.h3c.com/netconf/data:1.0-TUNNEL?module=TUNNEL&revision=2022-10-19",
            "   38. http://www.h3c.com/netconf/config:1.0-TUNNEL?module=TUNNEL&revision=2019-09-09",
            "   39. http://www.h3c.com/netconf/action:1.0-TUNNEL?module=TUNNEL&revision=2019-09-09",
            "   40. http://www.h3c.com/netconf/data:1.0-TRACK?module=TRACK&revision=2022-04-19",
            "   41. http://www.h3c.com/netconf/config:1.0-TRACK?module=TRACK&revision=2022-04-19",
            "   42. http://www.h3c.com/netconf/action:1.0-Tracert6?module=Tracert6&revision=2022-04-28",
            "   43. http://www.h3c.com/netconf/action:1.0-Tracert?module=Tracert&revision=2022-04-28",
            "   44. http://www.h3c.com/netconf/data:1.0-TimeRange?module=TimeRange&revision=2019-09-09",
            "   45. http://www.h3c.com/netconf/config:1.0-TimeRange?module=TimeRange&revision=2019-09-09",
            "   46. http://www.h3c.com/netconf/data:1.0-TELNET?module=TELNET&revision=2019-09-11",
            "   47. http://www.h3c.com/netconf/config:1.0-TELNET?module=TELNET&revision=2019-09-11",
            "   48. http://www.h3c.com/netconf/data:1.0-TelemetryPBSR?module=TelemetryPBSR&revision=2019-06-25",
            "   49. http://www.h3c.com/netconf/config:1.0-TelemetryPBSR?module=TelemetryPBSR&revision=2019-06-25",
            "   50. http://www.h3c.com/netconf/data:1.0-TelemetryFlowTrace?module=TelemetryFlowTrace&revision=2020-07-07",
            "   51. http://www.h3c.com/netconf/config:1.0-TelemetryFlowTrace?module=TelemetryFlowTrace&revision=2020-07-07",
            "   52. http://www.h3c.com/netconf/data:1.0-TE?module=TE&revision=2020-05-15",
            "   53. http://www.h3c.com/netconf/config:1.0-TE?module=TE&revision=2020-05-15",
            "   54. http://www.h3c.com/netconf/data:1.0-TCB?module=TCB&revision=2019-06-25",
            "   55. http://www.h3c.com/netconf/config:1.0-TCB?module=TCB&revision=2019-06-25",
            "   56. http://www.h3c.com/netconf/data:1.0-Tacacs?module=Tacacs&revision=2019-09-09",
            "   57. http://www.h3c.com/netconf/config:1.0-Tacacs?module=Tacacs&revision=2019-09-09",
            "   58. http://www.h3c.com/netconf/action:1.0-Tacacs?module=Tacacs&revision=2019-09-09",
            "   59. http://www.h3c.com/netconf/data:1.0-Syslog?module=Syslog&revision=2019-06-25",
            "   60. http://www.h3c.com/netconf/config:1.0-Syslog?module=Syslog&revision=2019-06-25",
            "   61. http://www.h3c.com/netconf/data:1.0-Super?module=Super&revision=2019-09-09",
            "   62. http://www.h3c.com/netconf/config:1.0-Super?module=Super&revision=2019-09-09",
            "   63. http://www.h3c.com/netconf/data:1.0-STP?module=STP&revision=2022-03-17",
            "   64. http://www.h3c.com/netconf/config:1.0-STP?module=STP&revision=2022-03-17",
            "   65. http://www.h3c.com/netconf/action:1.0-STP?module=STP&revision=2022-03-17",
            "   66. http://www.h3c.com/netconf/data:1.0-StaticRoute?module=StaticRoute&revision=2020-07-24",
            "   67. http://www.h3c.com/netconf/config:1.0-StaticRoute?module=StaticRoute&revision=2020-07-24",
            "   68. http://www.h3c.com/netconf/data:1.0-SSL?module=SSL&revision=2022-07-13",
            "   69. http://www.h3c.com/netconf/config:1.0-SSL?module=SSL&revision=2022-07-13",
            "   70. http://www.h3c.com/netconf/data:1.0-SSH?module=SSH&revision=2022-03-28",
            "   71. http://www.h3c.com/netconf/config:1.0-SSH?module=SSH&revision=2022-03-28",
            "   72. http://www.h3c.com/netconf/data:1.0-SNMP?module=SNMP&revision=2019-06-25",
            "   73. http://www.h3c.com/netconf/config:1.0-SNMP?module=SNMP&revision=2019-06-25",
            "   74. http://www.h3c.com/netconf/data:1.0-SmartMC?module=SmartMC&revision=2019-06-25",
            "   75. http://www.h3c.com/netconf/config:1.0-SmartMC?module=SmartMC&revision=2019-06-25",
            "   76. http://www.h3c.com/netconf/data:1.0-SLBG?module=SLBG&revision=2019-09-09",
            "   77. http://www.h3c.com/netconf/config:1.0-SLBG?module=SLBG&revision=2019-09-09",
            "   78. http://www.h3c.com/netconf/data:1.0-SFLOW?module=SFLOW&revision=2019-09-09",
            "   79. http://www.h3c.com/netconf/config:1.0-SFLOW?module=SFLOW&revision=2019-09-09",
            "   80. http://www.h3c.com/netconf/action:1.0-SFLOW?module=SFLOW&revision=2019-09-09",
            "   81. http://www.h3c.com/netconf/data:1.0-SECURITYCONTROL?module=SECURITYCONTROL&revision=2021-09-28",
            "   82. http://www.h3c.com/netconf/config:1.0-SECURITYCONTROL?module=SECURITYCONTROL&revision=2021-09-28",
            "   83. http://www.h3c.com/netconf/data:1.0-SAMPLER?module=SAMPLER&revision=2019-09-09",
            "   84. http://www.h3c.com/netconf/config:1.0-SAMPLER?module=SAMPLER&revision=2019-09-09",
            "   85. http://www.h3c.com/netconf/data:1.0-RRPP?module=RRPP&revision=2021-06-07",
            "   86. http://www.h3c.com/netconf/config:1.0-RRPP?module=RRPP&revision=2021-06-07",
            "   87. http://www.h3c.com/netconf/action:1.0-RRPP?module=RRPP&revision=2021-04-21",
            "   88. http://www.h3c.com/netconf/data:1.0-routing?module=routing&revision=2020-08-03",
            "   89. http://www.h3c.com/netconf/config:1.0-routing?module=routing&revision=2020-08-03",
            "   90. http://www.h3c.com/netconf/data:1.0-RoutePolicy?module=RoutePolicy&revision=2019-08-26",
            "   91. http://www.h3c.com/netconf/config:1.0-RoutePolicy?module=RoutePolicy&revision=2019-08-26",
            "   92. http://www.h3c.com/netconf/data:1.0-Route?module=Route&revision=2019-08-26",
            "   93. http://www.h3c.com/netconf/config:1.0-Route?module=Route&revision=2021-01-07",
            "   94. http://www.h3c.com/netconf/data:1.0-RMON?module=RMON&revision=2019-06-25",
            "   95. http://www.h3c.com/netconf/config:1.0-RMON?module=RMON&revision=2019-06-25",
            "   96. http://www.h3c.com/netconf/data:1.0-RIP?module=RIP&revision=2019-08-26",
            "   97. http://www.h3c.com/netconf/config:1.0-RIP?module=RIP&revision=2019-08-26",
            "   98. http://www.h3c.com/netconf/data:1.0-ResourceMonitor?module=ResourceMonitor&revision=2019-06-25",
            "   99. http://www.h3c.com/netconf/config:1.0-ResourceMonitor?module=ResourceMonitor&revision=2019-06-25",
            "  100. http://www.h3c.com/netconf/data:1.0-RBAC?module=RBAC&revision=2019-09-09",
            "  101. http://www.h3c.com/netconf/config:1.0-RBAC?module=RBAC&revision=2019-09-09",
            "  102. http://www.h3c.com/netconf/data:1.0-Radius?module=Radius&revision=2020-11-05",
            "  103. http://www.h3c.com/netconf/config:1.0-Radius?module=Radius&revision=2020-11-05",
            "  104. http://www.h3c.com/netconf/action:1.0-Radius?module=Radius&revision=2020-11-05",
            "  105. http://www.h3c.com/netconf/data:1.0-QSTAT?module=QSTAT&revision=2020-07-07",
            "  106. http://www.h3c.com/netconf/config:1.0-QSTAT?module=QSTAT&revision=2020-07-07",
            "  107. http://www.h3c.com/netconf/action:1.0-QSTAT?module=QSTAT&revision=2020-07-07",
            "  108. http://www.h3c.com/netconf/data:1.0-PRIMAP?module=PRIMAP&revision=2019-09-09",
            "  109. http://www.h3c.com/netconf/config:1.0-PRIMAP?module=PRIMAP&revision=2019-09-09",
            "  110. http://www.h3c.com/netconf/data:1.0-PortSecurity?module=PortSecurity&revision=2022-05-26",
            "  111. http://www.h3c.com/netconf/config:1.0-PortSecurity?module=PortSecurity&revision=2022-05-26",
            "  112. http://www.h3c.com/netconf/action:1.0-PortSecurity?module=PortSecurity&revision=2022-02-15",
            "  113. http://www.h3c.com/netconf/data:1.0-Portal?module=Portal&revision=2022-06-16",
            "  114. http://www.h3c.com/netconf/config:1.0-Portal?module=Portal&revision=2022-06-16",
            "  115. http://www.h3c.com/netconf/data:1.0-PoE?module=PoE&revision=2020-04-01",
            "  116. http://www.h3c.com/netconf/config:1.0-PoE?module=PoE&revision=2019-06-25",
            "  117. http://www.h3c.com/netconf/data:1.0-PKI?module=PKI&revision=2019-09-09",
            "  118. http://www.h3c.com/netconf/config:1.0-PKI?module=PKI&revision=2019-09-09",
            "  119. http://www.h3c.com/netconf/action:1.0-PKI?module=PKI&revision=2019-09-09",
            "  120. http://www.h3c.com/netconf/data:1.0-PKEY?module=PKEY&revision=2019-09-09",
            "  121. http://www.h3c.com/netconf/config:1.0-PKEY?module=PKEY&revision=2019-09-09",
            "  122. http://www.h3c.com/netconf/action:1.0-PKEY?module=PKEY&revision=2019-09-09",
            "  123. http://www.h3c.com/netconf/action:1.0-Ping6?module=Ping6&revision=2020-09-10",
            "  124. http://www.h3c.com/netconf/action:1.0-Ping?module=Ping&revision=2020-09-10",
            "  125. http://www.h3c.com/netconf/data:1.0-PIMSnooping?module=PIMSnooping&revision=2022-05-11",
            "  126. http://www.h3c.com/netconf/config:1.0-PIMSnooping?module=PIMSnooping&revision=2022-05-11",
            "  127. http://www.h3c.com/netconf/data:1.0-PIM?module=PIM&revision=2022-06-01",
            "  128. http://www.h3c.com/netconf/config:1.0-PIM?module=PIM&revision=2022-06-01",
            "  129. http://www.h3c.com/netconf/data:1.0-PFC?module=PFC&revision=2021-12-11",
            "  130. http://www.h3c.com/netconf/config:1.0-PFC?module=PFC&revision=2021-12-11",
            "  131. http://www.h3c.com/netconf/data:1.0-PEX?module=PEX&revision=2019-06-25",
            "  132. http://www.h3c.com/netconf/config:1.0-PEX?module=PEX&revision=2019-06-25",
            "  133. http://www.h3c.com/netconf/data:1.0-PCAP?module=PCAP&revision=2019-09-09",
            "  134. http://www.h3c.com/netconf/action:1.0-PCAP?module=PCAP&revision=2019-09-09",
            "  135. http://www.h3c.com/netconf/data:1.0-PBR?module=PBR&revision=2020-12-10",
            "  136. http://www.h3c.com/netconf/config:1.0-PBR?module=PBR&revision=2020-12-10",
            "  137. http://www.h3c.com/netconf/data:1.0-PasswordControl?module=PasswordControl&revision=2019-09-09",
            "  138. http://www.h3c.com/netconf/config:1.0-PasswordControl?module=PasswordControl&revision=2019-09-09",
            "  139. http://www.h3c.com/netconf/action:1.0-PasswordControl?module=PasswordControl&revision=2019-09-09",
            "  140. http://www.h3c.com/netconf/data:1.0-PacketTrace?module=PacketTrace&revision=2020-06-16",
            "  141. http://www.h3c.com/netconf/config:1.0-PacketTrace?module=PacketTrace&revision=2020-06-16",
            "  142. http://www.h3c.com/netconf/data:1.0-Package?module=Package&revision=2019-06-25",
            "  143. http://www.h3c.com/netconf/data:1.0-OSPF?module=OSPF&revision=2021-04-16",
            "  144. http://www.h3c.com/netconf/config:1.0-OSPF?module=OSPF&revision=2020-08-28",
            "  145. http://www.h3c.com/netconf/data:1.0-OMS?module=OMS&revision=2019-09-09",
            "  146. http://www.h3c.com/netconf/config:1.0-OMS?module=OMS&revision=2019-09-09",
            "  147. http://www.h3c.com/netconf/data:1.0-OFP?module=OFP&revision=2019-12-06",
            "  148. http://www.h3c.com/netconf/config:1.0-OFP?module=OFP&revision=2019-12-06",
            "  149. http://www.h3c.com/netconf/action:1.0-OFP?module=OFP&revision=2019-12-06",
            "  150. http://www.h3c.com/netconf/data:1.0-NVGRE?module=NVGRE&revision=2022-04-08",
            "  151. http://www.h3c.com/netconf/config:1.0-NVGRE?module=NVGRE&revision=2020-05-15",
            "  152. http://www.h3c.com/netconf/data:1.0-NTP?module=NTP&revision=2021-09-16",
            "  153. http://www.h3c.com/netconf/config:1.0-NTP?module=NTP&revision=2021-09-16",
            "  154. http://www.h3c.com/netconf/data:1.0-NSCollector?module=NSCollector&revision=2019-09-09",
            "  155. http://www.h3c.com/netconf/config:1.0-NSCollector?module=NSCollector&revision=2019-09-09",
            "  156. http://www.h3c.com/netconf/data:1.0-NQAS?module=NQAS&revision=2019-09-09",
            "  157. http://www.h3c.com/netconf/config:1.0-NQAS?module=NQAS&revision=2019-09-09",
            "  158. http://www.h3c.com/netconf/data:1.0-NQA?module=NQA&revision=2019-09-09",
            "  159. http://www.h3c.com/netconf/config:1.0-NQA?module=NQA&revision=2019-09-09",
            "  160. http://www.h3c.com/netconf/data:1.0-NETSTREAM6?module=NETSTREAM6&revision=2021-05-11",
            "  161. http://www.h3c.com/netconf/config:1.0-NETSTREAM6?module=NETSTREAM6&revision=2021-05-11",
            "  162. http://www.h3c.com/netconf/data:1.0-NETSTREAM4?module=NETSTREAM4&revision=2021-05-11",
            "  163. http://www.h3c.com/netconf/config:1.0-NETSTREAM4?module=NETSTREAM4&revision=2021-05-11",
            "  164. http://www.h3c.com/netconf/action:1.0-NETSTREAM4?module=NETSTREAM4&revision=2021-05-11",
            "  165. http://www.h3c.com/netconf/data:1.0-NETANALYSIS4?module=NETANALYSIS4&revision=2021-07-28",
            "  166. http://www.h3c.com/netconf/config:1.0-NETANALYSIS4?module=NETANALYSIS4&revision=2021-07-28",
            "  167. http://www.h3c.com/netconf/action:1.0-NETANALYSIS4?module=NETANALYSIS4&revision=2021-05-11",
            "  168. http://www.h3c.com/netconf/data:1.0-ND?module=ND&revision=2022-06-30",
            "  169. http://www.h3c.com/netconf/config:1.0-ND?module=ND&revision=2021-11-29",
            "  170. http://www.h3c.com/netconf/action:1.0-ND?module=ND&revision=2019-09-09",
            "  171. http://www.h3c.com/netconf/data:1.0-MVPN?module=MVPN&revision=2022-08-26",
            "  172. http://www.h3c.com/netconf/config:1.0-MVPN?module=MVPN&revision=2022-08-26",
            "  173. http://www.h3c.com/netconf/data:1.0-MSEG?module=MSEG&revision=2022-04-20",
            "  174. http://www.h3c.com/netconf/config:1.0-MSEG?module=MSEG&revision=2022-04-20",
            "  175. http://www.h3c.com/netconf/data:1.0-MSDP?module=MSDP&revision=2020-01-16",
            "  176. http://www.h3c.com/netconf/config:1.0-MSDP?module=MSDP&revision=2020-01-16",
            "  177. http://www.h3c.com/netconf/data:1.0-Mroute?module=Mroute&revision=2022-05-11",
            "  178. http://www.h3c.com/netconf/config:1.0-Mroute?module=Mroute&revision=2022-05-11",
            "  179. http://www.h3c.com/netconf/data:1.0-MQC?module=MQC&revision=2022-10-12",
            "  180. http://www.h3c.com/netconf/config:1.0-MQC?module=MQC&revision=2022-10-12",
            "  181. http://www.h3c.com/netconf/action:1.0-MQC?module=MQC&revision=2021-11-08",
            "  182. http://www.h3c.com/netconf/data:1.0-MPLS?module=MPLS&revision=2020-05-15",
            "  183. http://www.h3c.com/netconf/config:1.0-MPLS?module=MPLS&revision=2020-05-15",
            "  184. http://www.h3c.com/netconf/data:1.0-MLDSnooping?module=MLDSnooping&revision=2022-05-11",
            "  185. http://www.h3c.com/netconf/config:1.0-MLDSnooping?module=MLDSnooping&revision=2022-05-11",
            "  186. http://www.h3c.com/netconf/data:1.0-MLD?module=MLD&revision=2022-06-01",
            "  187. http://www.h3c.com/netconf/config:1.0-MLD?module=MLD&revision=2022-06-01",
            "  188. http://www.h3c.com/netconf/data:1.0-MLAG?module=MLAG&revision=2023-06-30",
            "  189. http://www.h3c.com/netconf/config:1.0-MLAG?module=MLAG&revision=2023-06-30",
            "  190. http://www.h3c.com/netconf/action:1.0-MLAG?module=MLAG&revision=2022-04-25",
            "  191. http://www.h3c.com/netconf/data:1.0-MGROUP?module=MGROUP&revision=2019-09-09",
            "  192. http://www.h3c.com/netconf/config:1.0-MGROUP?module=MGROUP&revision=2019-09-09",
            "  193. http://www.h3c.com/netconf/data:1.0-MDC?module=MDC&revision=2019-06-25",
            "  194. http://www.h3c.com/netconf/config:1.0-MDC?module=MDC&revision=2019-06-25",
            "  195. http://www.h3c.com/netconf/data:1.0-MACSEC?module=MACSEC&revision=2022-04-15",
            "  196. http://www.h3c.com/netconf/config:1.0-MACSEC?module=MACSEC&revision=2022-04-15",
            "  197. http://www.h3c.com/netconf/action:1.0-MACSEC?module=MACSEC&revision=2021-09-18",
            "  198. http://www.h3c.com/netconf/data:1.0-MACA?module=MACA&revision=2022-02-15",
            "  199. http://www.h3c.com/netconf/config:1.0-MACA?module=MACA&revision=2020-11-18",
            "  200. http://www.h3c.com/netconf/action:1.0-MACA?module=MACA&revision=2022-02-15",
            "  201. http://www.h3c.com/netconf/data:1.0-MAC?module=MAC&revision=2019-09-09",
            "  202. http://www.h3c.com/netconf/config:1.0-MAC?module=MAC&revision=2019-09-09",
            "  203. http://www.h3c.com/netconf/action:1.0-MAC?module=MAC&revision=2019-09-09",
            "  204. http://www.h3c.com/netconf/data:1.0-LR?module=LR&revision=2019-09-09",
            "  205. http://www.h3c.com/netconf/config:1.0-LR?module=LR&revision=2019-09-09",
            "  206. http://www.h3c.com/netconf/data:1.0-LPDT?module=LPDT&revision=2022-06-23",
            "  207. http://www.h3c.com/netconf/config:1.0-LPDT?module=LPDT&revision=2022-06-23",
            "  208. http://www.h3c.com/netconf/action:1.0-LPDT?module=LPDT&revision=2019-09-09",
            "  209. http://www.h3c.com/netconf/data:1.0-Login?module=Login&revision=2019-09-09",
            "  210. http://www.h3c.com/netconf/config:1.0-Login?module=Login&revision=2019-09-09",
            "  211. http://www.h3c.com/netconf/data:1.0-LOCALCAPTURE?module=LOCALCAPTURE&revision=2020-01-11",
            "  212. http://www.h3c.com/netconf/action:1.0-LOCALCAPTURE?module=LOCALCAPTURE&revision=2020-01-11",
            "  213. http://www.h3c.com/netconf/data:1.0-LLDP?module=LLDP&revision=2022-03-17",
            "  214. http://www.h3c.com/netconf/config:1.0-LLDP?module=LLDP&revision=2022-03-17",
            "  215. http://www.h3c.com/netconf/data:1.0-LDP?module=LDP&revision=2020-05-15",
            "  216. http://www.h3c.com/netconf/config:1.0-LDP?module=LDP&revision=2020-05-15",
            "  217. http://www.h3c.com/netconf/data:1.0-Ldap?module=Ldap&revision=2019-09-09",
            "  218. http://www.h3c.com/netconf/config:1.0-Ldap?module=Ldap&revision=2019-09-09",
            "  219. http://www.h3c.com/netconf/data:1.0-LAGG?module=LAGG&revision=2019-09-09",
            "  220. http://www.h3c.com/netconf/config:1.0-LAGG?module=LAGG&revision=2019-09-09",
            "  221. http://www.h3c.com/netconf/data:1.0-L3vpn?module=L3vpn&revision=2019-08-26",
            "  222. http://www.h3c.com/netconf/config:1.0-L3vpn?module=L3vpn&revision=2019-08-26",
            "  223. http://www.h3c.com/netconf/data:1.0-L2VPN?module=L2VPN&revision=2022-04-22",
            "  224. http://www.h3c.com/netconf/config:1.0-L2VPN?module=L2VPN&revision=2022-04-22",
            "  225. http://www.h3c.com/netconf/action:1.0-L2VPN?module=L2VPN&revision=2020-05-15",
            "  226. http://www.h3c.com/netconf/data:1.0-L2MAD?module=L2MAD&revision=2022-06-30",
            "  227. http://www.h3c.com/netconf/config:1.0-L2MAD?module=L2MAD&revision=2019-09-09",
            "  228. http://www.h3c.com/netconf/data:1.0-ISIS?module=ISIS&revision=2019-08-26",
            "  229. http://www.h3c.com/netconf/config:1.0-ISIS?module=ISIS&revision=2019-08-26",
            "  230. http://www.h3c.com/netconf/data:1.0-IRF?module=IRF&revision=2019-06-25",
            "  231. http://www.h3c.com/netconf/config:1.0-IRF?module=IRF&revision=2019-06-25",
            "  232. http://www.h3c.com/netconf/data:1.0-IPV6ADDRESS?module=IPV6ADDRESS&revision=2021-01-26",
            "  233. http://www.h3c.com/netconf/config:1.0-IPV6ADDRESS?module=IPV6ADDRESS&revision=2021-01-26",
            "  234. http://www.h3c.com/netconf/data:1.0-IPV4ADDRESS?module=IPV4ADDRESS&revision=2019-09-09",
            "  235. http://www.h3c.com/netconf/config:1.0-IPV4ADDRESS?module=IPV4ADDRESS&revision=2019-09-09",
            "  236. http://www.h3c.com/netconf/data:1.0-IPsec?module=IPsec&revision=2019-09-09",
            "  237. http://www.h3c.com/netconf/config:1.0-IPsec?module=IPsec&revision=2019-09-09",
            "  238. http://www.h3c.com/netconf/action:1.0-IPsec?module=IPsec&revision=2019-09-09",
            "  239. http://www.h3c.com/netconf/data:1.0-IPFW?module=IPFW&revision=2022-06-30",
            "  240. http://www.h3c.com/netconf/config:1.0-IPFW?module=IPFW&revision=2021-08-12",
            "  241. http://www.h3c.com/netconf/data:1.0-IPCIM?module=IPCIM&revision=2019-09-09",
            "  242. http://www.h3c.com/netconf/config:1.0-IPCIM?module=IPCIM&revision=2019-09-09",
            "  243. http://www.h3c.com/netconf/data:1.0-IP6FW?module=IP6FW&revision=2022-06-30",
            "  244. http://www.h3c.com/netconf/config:1.0-IP6FW?module=IP6FW&revision=2019-09-09",
            "  245. http://www.h3c.com/netconf/data:1.0-INQA?module=INQA&revision=2021-11-04",
            "  246. http://www.h3c.com/netconf/config:1.0-INQA?module=INQA&revision=2021-11-04",
            "  247. http://www.h3c.com/netconf/action:1.0-INQA?module=INQA&revision=2021-09-09",
            "  248. http://www.h3c.com/netconf/data:1.0-INOF?module=INOF&revision=2021-10-10",
            "  249. http://www.h3c.com/netconf/config:1.0-INOF?module=INOF&revision=2021-10-10",
            "  250. http://www.h3c.com/netconf/data:1.0-IKEv1?module=IKEv1&revision=2019-09-09",
            "  251. http://www.h3c.com/netconf/config:1.0-IKEv1?module=IKEv1&revision=2019-09-09",
            "  252. http://www.h3c.com/netconf/action:1.0-IKEv1?module=IKEv1&revision=2019-09-09",
            "  253. http://www.h3c.com/netconf/data:1.0-IGMPSnooping?module=IGMPSnooping&revision=2022-03-01",
            "  254. http://www.h3c.com/netconf/config:1.0-IGMPSnooping?module=IGMPSnooping&revision=2022-03-01",
            "  255. http://www.h3c.com/netconf/data:1.0-IGMP?module=IGMP&revision=2022-08-25",
            "  256. http://www.h3c.com/netconf/config:1.0-IGMP?module=IGMP&revision=2022-08-25",
            "  257. http://www.h3c.com/netconf/data:1.0-Ifmon?module=Ifmon&revision=2021-11-08",
            "  258. http://www.h3c.com/netconf/config:1.0-Ifmon?module=Ifmon&revision=2021-11-08",
            "  259. http://www.h3c.com/netconf/data:1.0-Ifmgr?module=Ifmgr&revision=2021-09-02",
            "  260. http://www.h3c.com/netconf/config:1.0-Ifmgr?module=Ifmgr&revision=2021-09-02",
            "  261. http://www.h3c.com/netconf/action:1.0-Ifmgr?module=Ifmgr&revision=2019-06-25",
            "  262. http://www.h3c.com/netconf/data:1.0-HTTPRedirect?module=HTTPRedirect&revision=2022-01-06",
            "  263. http://www.h3c.com/netconf/config:1.0-HTTPRedirect?module=HTTPRedirect&revision=2022-01-06",
            "  264. http://www.h3c.com/netconf/data:1.0-HardwareQueue?module=HardwareQueue&revision=2019-09-09",
            "  265. http://www.h3c.com/netconf/config:1.0-HardwareQueue?module=HardwareQueue&revision=2019-09-09",
            "  266. http://www.h3c.com/netconf/data:1.0-GTS?module=GTS&revision=2019-09-09",
            "  267. http://www.h3c.com/netconf/config:1.0-GTS?module=GTS&revision=2019-09-09",
            "  268. http://www.h3c.com/netconf/data:1.0-GRPC?module=GRPC&revision=2022-02-17",
            "  269. http://www.h3c.com/netconf/config:1.0-GRPC?module=GRPC&revision=2022-02-17",
            "  270. http://www.h3c.com/netconf/data:1.0-Fundamentals?module=Fundamentals&revision=2021-12-15",
            "  271. http://www.h3c.com/netconf/config:1.0-Fundamentals?module=Fundamentals&revision=2021-12-15",
            "  272. http://www.h3c.com/netconf/data:1.0-FTP?module=FTP&revision=2019-08-26",
            "  273. http://www.h3c.com/netconf/config:1.0-FTP?module=FTP&revision=2019-08-26",
            "  274. http://www.h3c.com/netconf/data:1.0-FileSystem?module=FileSystem&revision=2019-06-25",
            "  275. http://www.h3c.com/netconf/data:1.0-FDMI?module=FDMI&revision=2019-09-09",
            "  276. http://www.h3c.com/netconf/config:1.0-FDMI?module=FDMI&revision=2019-09-09",
            "  277. http://www.h3c.com/netconf/data:1.0-FCZone?module=FCZone&revision=2019-09-09",
            "  278. http://www.h3c.com/netconf/config:1.0-FCZone?module=FCZone&revision=2019-09-09",
            "  279. http://www.h3c.com/netconf/data:1.0-FCLink?module=FCLink&revision=2019-09-09",
            "  280. http://www.h3c.com/netconf/data:1.0-FCFabric?module=FCFabric&revision=2019-09-09",
            "  281. http://www.h3c.com/netconf/config:1.0-FCFabric?module=FCFabric&revision=2019-09-09",
            "  282. http://www.h3c.com/netconf/data:1.0-EVPN?module=EVPN&revision=2022-06-29",
            "  283. http://www.h3c.com/netconf/config:1.0-EVPN?module=EVPN&revision=2022-05-19",
            "  284. http://www.h3c.com/netconf/action:1.0-EVPN?module=EVPN&revision=2020-10-16",
            "  285. http://www.h3c.com/netconf/data:1.0-ETH?module=ETH&revision=2022-06-30",
            "  286. http://www.h3c.com/netconf/config:1.0-ETH?module=ETH&revision=2019-09-09",
            "  287. http://www.h3c.com/netconf/data:1.0-ERPS?module=ERPS&revision=2021-05-13",
            "  288. http://www.h3c.com/netconf/config:1.0-ERPS?module=ERPS&revision=2021-05-13",
            "  289. http://www.h3c.com/netconf/action:1.0-ERPS?module=ERPS&revision=2021-04-21",
            "  290. http://www.h3c.com/netconf/data:1.0-EAA?module=EAA&revision=2022-02-24",
            "  291. http://www.h3c.com/netconf/config:1.0-EAA?module=EAA&revision=2022-02-24",
            "  292. http://www.h3c.com/netconf/data:1.0-DRNI?module=DRNI&revision=2023-06-30",
            "  293. http://www.h3c.com/netconf/config:1.0-DRNI?module=DRNI&revision=2023-06-30",
            "  294. http://www.h3c.com/netconf/action:1.0-DRNI?module=DRNI&revision=2019-09-09",
            "  295. http://www.h3c.com/netconf/data:1.0-Dot1X?module=Dot1X&revision=2022-02-15",
            "  296. http://www.h3c.com/netconf/config:1.0-Dot1X?module=Dot1X&revision=2020-11-05",
            "  297. http://www.h3c.com/netconf/action:1.0-Dot1X?module=Dot1X&revision=2022-02-15",
            "  298. http://www.h3c.com/netconf/data:1.0-Domain?module=Domain&revision=2022-02-15",
            "  299. http://www.h3c.com/netconf/config:1.0-Domain?module=Domain&revision=2022-02-15",
            "  300. http://www.h3c.com/netconf/action:1.0-Domain?module=Domain&revision=2019-09-09",
            "  301. http://www.h3c.com/netconf/data:1.0-DNS?module=DNS&revision=2019-09-09",
            "  302. http://www.h3c.com/netconf/config:1.0-DNS?module=DNS&revision=2019-09-09",
            "  303. http://www.h3c.com/netconf/action:1.0-DNS?module=DNS&revision=2019-09-09",
            "  304. http://www.h3c.com/netconf/data:1.0-Diagnostic?module=Diagnostic&revision=2019-06-25",
            "  305. http://www.h3c.com/netconf/config:1.0-Diagnostic?module=Diagnostic&revision=2019-06-25",
            "  306. http://www.h3c.com/netconf/data:1.0-DHCPSP6?module=DHCPSP6&revision=2020-08-13",
            "  307. http://www.h3c.com/netconf/config:1.0-DHCPSP6?module=DHCPSP6&revision=2020-08-13",
            "  308. http://www.h3c.com/netconf/action:1.0-DHCPSP6?module=DHCPSP6&revision=2019-08-26",
            "  309. http://www.h3c.com/netconf/data:1.0-DHCPSP?module=DHCPSP&revision=2019-08-26",
            "  310. http://www.h3c.com/netconf/config:1.0-DHCPSP?module=DHCPSP&revision=2019-08-26",
            "  311. http://www.h3c.com/netconf/action:1.0-DHCPSP?module=DHCPSP&revision=2019-08-26",
            "  312. http://www.h3c.com/netconf/data:1.0-DHCPC6?module=DHCPC6&revision=2019-08-26",
            "  313. http://www.h3c.com/netconf/config:1.0-DHCPC6?module=DHCPC6&revision=2019-08-26",
            "  314. http://www.h3c.com/netconf/data:1.0-DHCPC?module=DHCPC&revision=2019-08-26",
            "  315. http://www.h3c.com/netconf/config:1.0-DHCPC?module=DHCPC&revision=2019-08-26",
            "  316. http://www.h3c.com/netconf/data:1.0-DHCP6?module=DHCP6&revision=2019-08-09",
            "  317. http://www.h3c.com/netconf/config:1.0-DHCP6?module=DHCP6&revision=2019-08-09",
            "  318. http://www.h3c.com/netconf/action:1.0-DHCP6?module=DHCP6&revision=2019-08-26",
            "  319. http://www.h3c.com/netconf/data:1.0-DHCP?module=DHCP&revision=2019-08-26",
            "  320. http://www.h3c.com/netconf/config:1.0-DHCP?module=DHCP&revision=2019-08-26",
            "  321. http://www.h3c.com/netconf/action:1.0-DHCP?module=DHCP&revision=2019-08-26",
            "  322. http://www.h3c.com/netconf/data:1.0-Device?module=Device&revision=2022-01-10",
            "  323. http://www.h3c.com/netconf/config:1.0-Device?module=Device&revision=2022-01-10",
            "  324. http://www.h3c.com/netconf/data:1.0-DDNS?module=DDNS&revision=2019-09-09",
            "  325. http://www.h3c.com/netconf/config:1.0-DDNS?module=DDNS&revision=2019-09-09",
            "  326. http://www.h3c.com/netconf/data:1.0-CWMP?module=CWMP&revision=2019-06-25",
            "  327. http://www.h3c.com/netconf/config:1.0-CWMP?module=CWMP&revision=2019-06-25",
            "  328. http://www.h3c.com/netconf/data:1.0-Context?module=Context&revision=2019-06-25",
            "  329. http://www.h3c.com/netconf/config:1.0-Context?module=Context&revision=2019-06-25",
            "  330. http://www.h3c.com/netconf/data:1.0-Configuration?module=Configuration&revision=2020-11-24",
            "  331. http://www.h3c.com/netconf/config:1.0-Configuration?module=Configuration&revision=2020-11-24",
            "  332. http://www.h3c.com/netconf/data:1.0-CAR?module=CAR&revision=2019-09-09",
            "  333. http://www.h3c.com/netconf/config:1.0-CAR?module=CAR&revision=2019-09-09",
            "  334. http://www.h3c.com/netconf/action:1.0-CAR?module=CAR&revision=2019-09-09",
            "  335. http://www.h3c.com/netconf/data:1.0-BufferMonitor?module=BufferMonitor&revision=2021-06-03",
            "  336. http://www.h3c.com/netconf/config:1.0-BufferMonitor?module=BufferMonitor&revision=2021-06-03",
            "  337. http://www.h3c.com/netconf/data:1.0-BGP?module=BGP&revision=2021-01-23",
            "  338. http://www.h3c.com/netconf/config:1.0-BGP?module=BGP&revision=2021-01-23",
            "  339. http://www.h3c.com/netconf/action:1.0-BGP?module=BGP&revision=2021-01-23",
            "  340. http://www.h3c.com/netconf/data:1.0-BFD?module=BFD&revision=2022-04-14",
            "  341. http://www.h3c.com/netconf/config:1.0-BFD?module=BFD&revision=2022-04-14",
            "  342. http://www.h3c.com/netconf/data:1.0-Bct?module=Bct&revision=2019-06-25",
            "  343. http://www.h3c.com/netconf/config:1.0-Bct?module=Bct&revision=2019-06-25",
            "  344. http://www.h3c.com/netconf/data:1.0-ARP?module=ARP&revision=2022-07-08",
            "  345. http://www.h3c.com/netconf/config:1.0-ARP?module=ARP&revision=2021-07-19",
            "  346. http://www.h3c.com/netconf/action:1.0-ARP?module=ARP&revision=2019-09-09",
            "  347. http://www.h3c.com/netconf/data:1.0-ACL?module=ACL&revision=2021-09-16",
            "  348. http://www.h3c.com/netconf/config:1.0-ACL?module=ACL&revision=2021-09-16",
            "  349. http://www.h3c.com/netconf/action:1.0-ACL?module=ACL&revision=2019-09-09"
        ],
        "total_capabilities": 349,
        "capabilities_analysis": {
            "netconf_version": [
                "NETCONF 1.0"
            ],
            "datastores": [],
            "operations": [
                "rollback-on-error"
            ],
            "yang_models": {
                "h3c_private": [
                    "data:1.0-WRED?module=WRED&revision=2022-01-19",
                    "config:1.0-WRED?module=WRED&revision=2022-01-19",
                    "data:1.0-WebAuth?module=WebAuth&revision=2022-05-09",
                    "config:1.0-WebAuth?module=WebAuth&revision=2022-05-09",
                    "action:1.0-WebAuth?module=WebAuth&revision=2021-12-20",
                    "data:1.0-VXLAN?module=VXLAN&revision=2021-06-09",
                    "config:1.0-VXLAN?module=VXLAN&revision=2021-06-09",
                    "data:1.0-VRRP?module=VRRP&revision=2021-12-13",
                    "config:1.0-VRRP?module=VRRP&revision=2021-12-13",
                    "data:1.0-VPWS?module=VPWS&revision=2020-05-15"
                ],
                "ietf_standard": [
                    "ietf-netconf-monitoring?module=ietf-netconf-monitoring&revision=2010-10-04"
                ],
                "interface_related": [],
                "network_related": []
            },
            "recommendations": [
                "支持错误自动回滚，配置更安全",
                "检测到H3C私有YANG模型，可以使用H3C特定的XML命名空间",
                "支持IETF标准模型，可以尝试标准化配置方式"
            ]
        },
        "configuration_suggestions": {
            "interface_config": [],
            "network_config": [],
            "best_practices": [
                "直接修改running配置，请谨慎操作",
                "支持错误自动回滚，可以安全尝试复杂配置"
            ]
        },
        "output_files": {
            "capabilities_file": "capabilities_10_12_174_228_20250828_165459.txt",
            "analysis_file": "capabilities_analysis_10_12_174_228_20250828_165459.md"
        }
    },
    "system_info": {
        "10.12.174.228": "设备支持349个NETCONF能力"
    }
}