{
    "status": "Failed",
    "timestamp": "20250402_153725",
    "result": [
        {
            "command": "system-view",
            "output": "[SW]\nsystem-view"
        },
        {
            "command": "vlan 10",
            "output": "[SW-vlan10]\nvlan 10"
        },
        {
            "command": "interface GigabitEthernet1/0/5",
            "output": "[SW-GigabitEthernet1/0/5]\ninterface GigabitEthernet1/0/5"
        },
        {
            "command": "port access vlan 10",
            "output": "[SW-GigabitEthernet1/0/5]\nport access vlan 10\n                              ^\n % Unrecognized command found at '^' position."
        }
    ],
    "system_info": "display version\nH3C Comware Software, Version 7.1.070, Alpha 7170\nCopyright (c) 2004-2022 New H3C Technologies Co., Ltd. All rights reserved.\nH3C S6850 uptime is 0 weeks, 0 days, 5 hours, 3 minutes\nLast reboot reason: User reboot\nBoot image: flash:/s6850-cmw710-boot-t7064p15.bin\nBoot image version: 7.1.070, Alpha 7170\n  Compiled Nov 21 2022 11:00:00\nBoot image: flash:/s6850-cmw710-system-t7064p15.bin\nBoot image version: 7.1.070, Alpha 7170\n  Compiled Nov 21 2022 11:00:00\n\nSlot 1:\nS6850 with 2 Processors\nBOARD TYPE: S6850\nDRAM:  512M bytes\nFLASH: 1024M bytes\nPCB 1 Version: VER.C\nBootrom Version: 908\nCPLD 1 Version: 002\nCPLD 2 Version: 002\nRelease Version: H3C S6850\nPatch Version: None\nReboot Cause: User reboot\n[SubSlot 0] 48SFP Plus+4QSFP Plus",
    "error_message": "接口 GigabitEthernet1/0/5 配置失败，执行命令 'port access vlan 10' 时出错"
}