{
    "status": "succeed",
    "timestamp": "20250401_135136",
    "result": [
        {
            "command": "system-view",
            "output": "[SW]\nsystem-view"
        },
        {
            "command": "interface LoopBack0",
            "output": "[SW-LoopBack0]\ninterface LoopBack0"
        },
        {
            "command": "ip address 10.0.0.1 32",
            "output": "[SW-LoopBack0]\nip address 10.0.0.1 32"
        },
        {
            "command": "quit",
            "output": "[SW]\nquit"
        },
        {
            "command": "interface GigabitEthernet1/0/3",
            "output": "[SW-GigabitEthernet1/0/3]\ninterface GigabitEthernet1/0/3"
        },
        {
            "command": "port link-mode route",
            "output": "[SW-GigabitEthernet1/0/3]\nport link-mode route\nThe configuration of the interface will be restored to the default. Continue? [Y/N]:Y"
        },
        {
            "command": "interface GigabitEthernet1/0/3",
            "output": "[SW-GigabitEthernet1/0/3]\ninterface GigabitEthernet1/0/3"
        },
        {
            "command": "ip address 192.168.10.1 24",
            "output": "[SW-GigabitEthernet1/0/3]\nip address 192.168.10.1 24"
        },
        {
            "command": "quit",
            "output": "[SW]\nquit"
        }
    ],
    "system_info": "display version\nH3C Comware Software, Version 7.1.070, Alpha 7170\nCopyright (c) 2004-2022 New H3C Technologies Co., Ltd. All rights reserved.\nH3C S6850 uptime is 0 weeks, 0 days, 9 hours, 25 minutes\nLast reboot reason: User reboot\nBoot image: flash:/s6850-cmw710-boot-t7064p15.bin\nBoot image version: 7.1.070, Alpha 7170\n  Compiled Nov 21 2022 11:00:00\nBoot image: flash:/s6850-cmw710-system-t7064p15.bin\nBoot image version: 7.1.070, Alpha 7170\n  Compiled Nov 21 2022 11:00:00\n\nSlot 1:\nS6850 with 2 Processors\nBOARD TYPE: S6850\nDRAM:  512M bytes\nFLASH: 1024M bytes\nPCB 1 Version: VER.C\nBootrom Version: 908\nCPLD 1 Version: 002\nCPLD 2 Version: 002\nRelease Version: H3C S6850\nPatch Version: None\nReboot Cause: User reboot\n[SubSlot 0] 48SFP Plus+4QSFP Plus"
}