{
    "status": "succeed",
    "timestamp": "20250326_093036",
    "result": [
        {
            "command": "system-view",
            "output": "system-view\nSystem View: return to User View with Ctrl+Z.\n[SW]"
        },
        {
            "command": "vlan 10",
            "output": "[SW-vlan10]\nvlan 10"
        },
        {
            "command": "interface GigabitEthernet1/0/1",
            "output": "interface GigabitEthernet1/0/1\n[SW-GigabitEthernet1/0/1]"
        },
        {
            "command": "port access vlan 10",
            "output": "port access vlan 10\n[SW-GigabitEthernet1/0/1]"
        },
        {
            "command": "quit",
            "output": "quit\n[SW]"
        },
        {
            "command": "interface Vlan-interface10",
            "output": "[SW-Vlan-interface10]\ninterface Vlan-interface10"
        },
        {
            "command": "ip address 192.168.10.1 24",
            "output": "[SW-Vlan-interface10]\nip address 192.168.10.1 24"
        },
        {
            "command": "ipv6 address 2001:db8::1 64",
            "output": "[SW-Vlan-interface10]\nipv6 address 2001:db8::1 64"
        },
        {
            "command": "quit",
            "output": "[SW]\nquit"
        },
        {
            "command": "vlan 20",
            "output": "[SW-vlan20]\nvlan 20"
        },
        {
            "command": "interface GigabitEthernet1/0/2",
            "output": "interface GigabitEthernet1/0/2\n[SW-GigabitEthernet1/0/2]"
        },
        {
            "command": "port access vlan 20",
            "output": "port access vlan 20\n[SW-GigabitEthernet1/0/2]"
        },
        {
            "command": "quit",
            "output": "quit\n[SW]"
        },
        {
            "command": "interface Vlan-interface20",
            "output": "[SW-Vlan-interface20]\ninterface Vlan-interface20"
        },
        {
            "command": "ip address 192.168.20.1 24",
            "output": "[SW-Vlan-interface20]\nip address 192.168.20.1 24"
        },
        {
            "command": "ipv6 address 2001:db8::2 64",
            "output": "[SW-Vlan-interface20]\nipv6 address 2001:db8::2 64\nThe IPv6 address entered overlaps with another interface."
        },
        {
            "command": "quit",
            "output": "[SW]\nquit"
        }
    ],
    "system_info": "display version\nH3C Comware Software, Version 7.1.070, Alpha 7170\nCopyright (c) 2004-2022 New H3C Technologies Co., Ltd. All rights reserved.\nH3C S6850 uptime is 0 weeks, 0 days, 0 hours, 15 minutes\nLast reboot reason: User reboot\nBoot image: flash:/s6850-cmw710-boot-t7064p15.bin\nBoot image version: 7.1.070, Alpha 7170\n  Compiled Nov 21 2022 11:00:00\nBoot image: flash:/s6850-cmw710-system-t7064p15.bin\nBoot image version: 7.1.070, Alpha 7170\n  Compiled Nov 21 2022 11:00:00\n\nSlot 1:\nS6850 with 2 Processors\nBOARD TYPE: S6850\nDRAM:  512M bytes\nFLASH: 1024M bytes\nPCB 1 Version: VER.C\nBootrom Version: 908\nCPLD 1 Version: 002\nCPLD 2 Version: 002\nRelease Version: H3C S6850\nPatch Version: None\nReboot Cause: User reboot\n[SubSlot 0] 48SFP Plus+4QSFP Plus"
}