{
    "status": "Failed",
    "timestamp": "20250401_161012",
    "result": [
        {
            "command": "system-view",
            "output": "[SW]\nsystem-view"
        },
        {
            "command": "interface LoopBack0",
            "output": "[SW-LoopBack0]\ninterface LoopBack0"
        },
        {
            "command": "ip address 13.0.0.1 32",
            "output": "[SW-LoopBack0]\nip address 13.0.0.1 32"
        },
        {
            "command": "quit",
            "output": "[SW]\nquit"
        },
        {
            "command": "vlan 30",
            "output": "[SW-vlan30]\nvlan 30"
        },
        {
            "command": "interface GigabitEthernet1/0/6",
            "output": "[SW-GigabitEthernet1/0/6]\ninterface GigabitEthernet1/0/6"
        },
        {
            "command": "port access vlan 30",
            "output": "[SW-GigabitEthernet1/0/6]\nport access vlan 30"
        },
        {
            "command": "quit",
            "output": "[SW]\nquit"
        },
        {
            "command": "interface Vlan-interface30",
            "output": "[SW-Vlan-interface30]\ninterface Vlan-interface30"
        },
        {
            "command": "ip address 12.168.10.1 24",
            "output": "[SW-Vlan-interface30]\nip address 12.168.10.1 24\nThis subnet overlaps with another interface!"
        }
    ],
    "system_info": "display version\nH3C Comware Software, Version 7.1.070, Alpha 7170\nCopyright (c) 2004-2022 New H3C Technologies Co., Ltd. All rights reserved.\nH3C S6850 uptime is 0 weeks, 0 days, 11 hours, 11 minutes\nLast reboot reason: User reboot\nBoot image: flash:/s6850-cmw710-boot-t7064p15.bin\nBoot image version: 7.1.070, Alpha 7170\n  Compiled Nov 21 2022 11:00:00\nBoot image: flash:/s6850-cmw710-system-t7064p15.bin\nBoot image version: 7.1.070, Alpha 7170\n  Compiled Nov 21 2022 11:00:00\n\nSlot 1:\nS6850 with 2 Processors\nBOARD TYPE: S6850\nDRAM:  512M bytes\nFLASH: 1024M bytes\nPCB 1 Version: VER.C\nBootrom Version: 908\nCPLD 1 Version: 002\nCPLD 2 Version: 002\nRelease Version: H3C S6850\nPatch Version: None\nReboot Cause: User reboot\n[SubSlot 0] 48SFP Plus+4QSFP Plus",
    "error_message": "接口 GigabitEthernet1/0/6 配置失败，执行命令 'ip address 12.168.10.1 24' 时出错"
}