{
    "status": "succeed",
    "timestamp": "20250325_173034",
    "result": [
        {
            "command": "system-view",
            "output": "system-view\nSystem View: return to User View with Ctrl+Z.\n[H3C]"
        },
        {
            "command": "vlan 300",
            "output": "[H3C-vlan300]\nvlan 300"
        },
        {
            "command": "interface gi1/0/3",
            "output": "interface gi1/0/3\n[H3C-GigabitEthernet1/0/3]"
        },
        {
            "command": "port access vlan 300",
            "output": "port access vlan 300\n[H3C-GigabitEthernet1/0/3]"
        },
        {
            "command": "quit",
            "output": "quit\n[H3C]"
        },
        {
            "command": "interface Vlan-interface300",
            "output": "[H3C-Vlan-interface300]\ninterface Vlan-interface300"
        },
        {
            "command": "ip address 192.168.130.1 24",
            "output": "[H3C-Vlan-interface300]\nip address 192.168.130.1 24"
        },
        {
            "command": "quit",
            "output": "[H3C]\nquit"
        },
        {
            "command": "vlan 400",
            "output": "[H3C-vlan400]\nvlan 400"
        },
        {
            "command": "interface gi1/0/4",
            "output": "interface gi1/0/4\n[H3C-GigabitEthernet1/0/4]"
        },
        {
            "command": "port access vlan 400",
            "output": "port access vlan 400\n[H3C-GigabitEthernet1/0/4]"
        },
        {
            "command": "quit",
            "output": "quit\n[H3C]"
        },
        {
            "command": "interface Vlan-interface400",
            "output": "[H3C-Vlan-interface400]\ninterface Vlan-interface400"
        },
        {
            "command": "ip address 192.168.140.1 24",
            "output": "[H3C-Vlan-interface400]\nip address 192.168.140.1 24"
        },
        {
            "command": "quit",
            "output": "[H3C]\nquit"
        },
        {
            "command": "vlan 500",
            "output": "[H3C-vlan500]\nvlan 500"
        },
        {
            "command": "interface gi1/0/5",
            "output": "interface gi1/0/5\n[H3C-GigabitEthernet1/0/5]"
        },
        {
            "command": "port access vlan 500",
            "output": "port access vlan 500\n[H3C-GigabitEthernet1/0/5]"
        },
        {
            "command": "quit",
            "output": "quit\n[H3C]"
        },
        {
            "command": "interface Vlan-interface500",
            "output": "[H3C-Vlan-interface500]\ninterface Vlan-interface500"
        },
        {
            "command": "ip address 192.168.150.1 24",
            "output": "[H3C-Vlan-interface500]\nip address 192.168.150.1 24"
        },
        {
            "command": "quit",
            "output": "[H3C]\nquit"
        }
    ],
    "system_info": "display version\nH3C Comware Software, Version 7.1.070, Alpha 7170\nCopyright (c) 2004-2022 New H3C Technologies Co., Ltd. All rights reserved.\nH3C S6850 uptime is 0 weeks, 0 days, 5 hours, 58 minutes\nLast reboot reason: User reboot\nBoot image: flash:/s6850-cmw710-boot-t7064p15.bin\nBoot image version: 7.1.070, Alpha 7170\n  Compiled Nov 21 2022 11:00:00\nBoot image: flash:/s6850-cmw710-system-t7064p15.bin\nBoot image version: 7.1.070, Alpha 7170\n  Compiled Nov 21 2022 11:00:00\n\nSlot 1:\nS6850 with 2 Processors\nBOARD TYPE: S6850\nDRAM:  512M bytes\nFLASH: 1024M bytes\nPCB 1 Version: VER.C\nBootrom Version: 908\nCPLD 1 Version: 002\nCPLD 2 Version: 002\nRelease Version: H3C S6850\nPatch Version: None\nReboot Cause: User reboot\n[SubSlot 0] 48SFP Plus+4QSFP Plus"
}