{
    "status": "succeed",
    "timestamp": "20250327_152237",
    "result": [
        {
            "command": "system-view",
            "output": "[R]\nsystem-view"
        },
        {
            "command": "isis 100",
            "output": "[R-isis-100]\nisis 100"
        },
        {
            "command": "net 49.0001.0001.0001.0001.00",
            "output": "[R-isis-100]\nnet 49.0001.0001.0001.0001.00"
        },
        {
            "command": "is-level level-2",
            "output": "[R-isis-100]\nis-level level-2"
        },
        {
            "command": "cost-style wide",
            "output": "[R-isis-100]\ncost-style wide"
        },
        {
            "command": "address-family ipv6 unicast",
            "output": "[R-isis-100-ipv6]\naddress-family ipv6 unicast"
        },
        {
            "command": "multi-topology",
            "output": "[R-isis-100-ipv6]\nmulti-topology"
        },
        {
            "command": "quit",
            "output": "[R-isis-100]\nquit"
        },
        {
            "command": "quit",
            "output": "[R]\nquit"
        },
        {
            "command": "interface GigabitEthernet5/0",
            "output": "[R-GigabitEthernet5/0]\ninterface GigabitEthernet5/0"
        },
        {
            "command": "isis enable 100",
            "output": "[R-GigabitEthernet5/0]\nisis enable 100"
        },
        {
            "command": "isis ipv6 enable 100",
            "output": "[R-GigabitEthernet5/0]\nisis ipv6 enable 100"
        },
        {
            "command": "isis circuit-type p2p",
            "output": "[R-GigabitEthernet5/0]\nisis circuit-type p2p"
        },
        {
            "command": "isis circuit-level level-2",
            "output": "[R-GigabitEthernet5/0]\nisis circuit-level level-2"
        },
        {
            "command": "isis cost 1",
            "output": "[R-GigabitEthernet5/0]\nisis cost 1"
        },
        {
            "command": "quit",
            "output": "[R]\nquit"
        },
        {
            "command": "interface GigabitEthernet5/0",
            "output": "[R-GigabitEthernet5/0]\ninterface GigabitEthernet5/0"
        },
        {
            "command": "ip address 172.168.1.2 24",
            "output": "[R-GigabitEthernet5/0]\nip address 172.168.1.2 24"
        },
        {
            "command": "ipv6 address 2025::2 64",
            "output": "[R-GigabitEthernet5/0]\nipv6 address 2025::2 64"
        },
        {
            "command": "quit",
            "output": "[R]\nquit"
        }
    ],
    "system_info": "display version\nH3C Comware Software, Version 7.1.064, Release 0427P22\nCopyright (c) 2004-2021 New H3C Technologies Co., Ltd. All rights reserved.\nH3C MSR36-20 uptime is 0 weeks, 0 days, 10 hours, 18 minutes\nLast reboot reason: User reboot\nBoot image: flash:/msr36-cmw710-boot-r0424p22.bin\nBoot image version: 7.1.064, Release 0427P22\n  Compiled Mar 16 2021 15:00:00\nBoot image: flash:/msr36-cmw710-system-r0424p22.bin\nBoot image version: 7.1.064, Release 0427P22\n  Compiled Mar 16 2021 15:00:00\n\nCPU ID: 0x2\n384M bytes DDR3 SDRAM Memory\n1024M bytes Flash Memory\nPCB               Version:  2.0\nCPLD              Version:  1.0\nBasic    BootWare Version:  1.42\nExtended BootWare Version:  1.42"
}