{
    "status": "succeed",
    "timestamp": "20250326_114223",
    "result": [
        {
            "command": "system-view",
            "output": "system-view\nSystem View: return to User View with Ctrl+Z.\n[SW]"
        },
        {
            "command": "isis 100",
            "output": "[SW-isis-100]\nisis 100"
        },
        {
            "command": "net 49.0001.0000.0000.0001.00",
            "output": "[SW-isis-100]\nnet 49.0001.0000.0000.0001.00"
        },
        {
            "command": "is-level level-2",
            "output": "[SW-isis-100]\nis-level level-2"
        },
        {
            "command": "cost-style wide",
            "output": "[SW-isis-100]\ncost-style wide"
        },
        {
            "command": "quit",
            "output": "[SW]\nquit"
        },
        {
            "command": "vlan 110",
            "output": "[SW-vlan110]\nvlan 110"
        },
        {
            "command": "interface GigabitEthernet1/0/11",
            "output": "interface GigabitEthernet1/0/11\n[SW-GigabitEthernet1/0/11]"
        },
        {
            "command": "port access vlan 110",
            "output": "port access vlan 110\n[SW-GigabitEthernet1/0/11]"
        },
        {
            "command": "quit",
            "output": "quit\n[SW]"
        },
        {
            "command": "vlan 110",
            "output": "[SW-vlan110]\nvlan 110"
        },
        {
            "command": "interface Vlan-interface110",
            "output": "[SW-Vlan-interface110]\ninterface Vlan-interface110"
        },
        {
            "command": "isis enable 100",
            "output": "[SW-Vlan-interface110]\nisis enable 100"
        },
        {
            "command": "isis circuit-type p2p",
            "output": "[SW-Vlan-interface110]\nisis circuit-type p2p"
        },
        {
            "command": "isis circuit-level level-2",
            "output": "[SW-Vlan-interface110]\nisis circuit-level level-2"
        },
        {
            "command": "isis cost 10",
            "output": "[SW-Vlan-interface110]\nisis cost 10"
        },
        {
            "command": "quit",
            "output": "[SW]\nquit"
        },
        {
            "command": "interface Vlan-interface110",
            "output": "[SW-Vlan-interface110]\ninterface Vlan-interface110"
        },
        {
            "command": "ip address 172.168.1.1 24",
            "output": "[SW-Vlan-interface110]\nip address 172.168.1.1 24"
        },
        {
            "command": "ipv6 address 2025::1 64",
            "output": "[SW-Vlan-interface110]\nipv6 address 2025::1 64"
        },
        {
            "command": "quit",
            "output": "[SW]\nquit"
        }
    ],
    "system_info": "display version\nH3C Comware Software, Version 7.1.070, Alpha 7170\nCopyright (c) 2004-2022 New H3C Technologies Co., Ltd. All rights reserved.\nH3C S6850 uptime is 0 weeks, 0 days, 2 hours, 26 minutes\nLast reboot reason: User reboot\nBoot image: flash:/s6850-cmw710-boot-t7064p15.bin\nBoot image version: 7.1.070, Alpha 7170\n  Compiled Nov 21 2022 11:00:00\nBoot image: flash:/s6850-cmw710-system-t7064p15.bin\nBoot image version: 7.1.070, Alpha 7170\n  Compiled Nov 21 2022 11:00:00\n\nSlot 1:\nS6850 with 2 Processors\nBOARD TYPE: S6850\nDRAM:  512M bytes\nFLASH: 1024M bytes\nPCB 1 Version: VER.C\nBootrom Version: 908\nCPLD 1 Version: 002\nCPLD 2 Version: 002\nRelease Version: H3C S6850\nPatch Version: None\nReboot Cause: User reboot\n[SubSlot 0] 48SFP Plus+4QSFP Plus"
}