{
    "status": "Failed",
    "timestamp": "20250328_142735",
    "result": [
        {
            "command": "system-view",
            "output": ">system-view\nSystem View: return to User View with Ctrl+Z.\n[RoCE-storage]"
        },
        {
            "command": "isis 600",
            "output": "isis 600\n[RoCE-storage-isis-600]"
        },
        {
            "command": "is-level level-2",
            "output": "is-level level-2\n[RoCE-storage-isis-600]"
        },
        {
            "command": "cost-style wide",
            "output": "cost-style wide\n[RoCE-storage-isis-600]"
        },
        {
            "command": "interface loopback12",
            "output": "[RoCE-storage-LoopBack12]\ninterface loopback12"
        },
        {
            "command": "isis enable 600",
            "output": "[RoCE-storage-LoopBack12]\nisis enable 600"
        },
        {
            "command": "isis ipv6 enable 600",
            "output": "[RoCE-storage-LoopBack12]\nisis ipv6 enable 600\nIPv6 is not enabled for the process."
        },
        {
            "command": "isis circuit-level level-2",
            "output": "[RoCE-storage-LoopBack12]\nisis circuit-level level-2"
        },
        {
            "command": "isis cost 10",
            "output": "[RoCE-storage-LoopBack12]\nisis cost 10"
        },
        {
            "command": "quit",
            "output": "[RoCE-storage]\nquit"
        },
        {
            "command": "interface loopback12",
            "output": "[RoCE-storage-LoopBack12]\ninterface loopback12"
        },
        {
            "command": "ip address 142.168.1.1 24",
            "output": "[RoCE-storage-LoopBack12]\nip address 142.168.1.1 24"
        },
        {
            "command": "ipv6 address 3925::1 64",
            "output": "[RoCE-storage-LoopBack12]\nipv6 address 3925::1 64"
        },
        {
            "command": "quit",
            "output": "[RoCE-storage]\nquit"
        }
    ],
    "system_info": ""
}