{
    "status": "succeed",
    "timestamp": "20250328_115122",
    "result": [
        {
            "command": "system-view",
            "output": "[RoCE-storage]\nsystem-view"
        },
        {
            "command": "isis 500",
            "output": "[RoCE-storage-isis-500]\nisis 500"
        },
        {
            "command": "net 86.0001.0002.0003.0002.00",
            "output": "[RoCE-storage-isis-500]\nnet 86.0001.0002.0003.0002.00"
        },
        {
            "command": "is-level level-2",
            "output": "[RoCE-storage-isis-500]\nis-level level-2"
        },
        {
            "command": "cost-style narrow",
            "output": "[RoCE-storage-isis-500]\ncost-style narrow"
        },
        {
            "command": "address-family ipv6 unicast",
            "output": "[RoCE-storage-isis-500-ipv6]\naddress-family ipv6 unicast"
        },
        {
            "command": "multi-topology",
            "output": "[RoCE-storage-isis-500-ipv6]\nmulti-topology\nCost style must be wide, compatible or wide-compatible."
        },
        {
            "command": "quit",
            "output": "[RoCE-storage-isis-500]\nquit"
        },
        {
            "command": "quit",
            "output": "[RoCE-storage]\nquit"
        },
        {
            "command": "interface loopback11",
            "output": "[RoCE-storage-LoopBack11]\ninterface loopback11"
        },
        {
            "command": "isis enable 500",
            "output": "[RoCE-storage-LoopBack11]\nisis enable 500"
        },
        {
            "command": "isis ipv6 enable 500",
            "output": "[RoCE-storage-LoopBack11]\nisis ipv6 enable 500"
        },
        {
            "command": "isis circuit-level level-2",
            "output": "[RoCE-storage-LoopBack11]\nisis circuit-level level-2"
        },
        {
            "command": "isis cost 1",
            "output": "[RoCE-storage-LoopBack11]\nisis cost 1"
        },
        {
            "command": "quit",
            "output": "[RoCE-storage]\nquit"
        },
        {
            "command": "interface loopback11",
            "output": "[RoCE-storage-LoopBack11]\ninterface loopback11"
        },
        {
            "command": "ip address 132.168.1.1 24",
            "output": "[RoCE-storage-LoopBack11]\nip address 132.168.1.1 24"
        },
        {
            "command": "ipv6 address 2925::1 64",
            "output": "[RoCE-storage-LoopBack11]\nipv6 address 2925::1 64"
        },
        {
            "command": "quit",
            "output": "[RoCE-storage]\nquit"
        },
        {
            "command": "vlan 110",
            "output": "[RoCE-storage-vlan110]\nvlan 110"
        },
        {
            "command": "quit",
            "output": "[RoCE-storage]\nquit"
        },
        {
            "command": "interface hge1/0/56",
            "output": "[RoCE-storage-HundredGigE1/0/56]\ninterface hge1/0/56"
        },
        {
            "command": "port access vlan 110",
            "output": "[RoCE-storage-HundredGigE1/0/56]\nport access vlan 110"
        },
        {
            "command": "quit",
            "output": "[RoCE-storage]\nquit"
        },
        {
            "command": "interface Vlan-interface110",
            "output": "[RoCE-storage-Vlan-interface110]\ninterface Vlan-interface110"
        },
        {
            "command": "isis enable 500",
            "output": "[RoCE-storage-Vlan-interface110]\nisis enable 500"
        },
        {
            "command": "isis circuit-type p2p",
            "output": "[RoCE-storage-Vlan-interface110]\nisis circuit-type p2p"
        },
        {
            "command": "isis circuit-level level-2",
            "output": "[RoCE-storage-Vlan-interface110]\nisis circuit-level level-2"
        },
        {
            "command": "isis cost 1",
            "output": "[RoCE-storage-Vlan-interface110]\nisis cost 1"
        },
        {
            "command": "quit",
            "output": "[RoCE-storage]\nquit"
        }
    ],
    "system_info": "<RoCE-storage>"
}