{
    "status": "Failed",
    "timestamp": "20250327_141142",
    "result": [
        {
            "command": "system-view",
            "output": "system-view\nSystem View: return to User View with Ctrl+Z.\n[SW]"
        },
        {
            "command": "isis 100",
            "output": "[SW-isis-100]\nisis 100"
        },
        {
            "command": "net 50.0001.0002.0002.0002.00",
            "output": "[SW-isis-100]\nnet 50.0001.0002.0002.0002.00"
        },
        {
            "command": "is-level level-2",
            "output": "[SW-isis-100]\nis-level level-2"
        },
        {
            "command": "cost-style wide",
            "output": "[SW-isis-100]\ncost-style wide"
        },
        {
            "command": "address-family ipv6 unicast",
            "output": "[SW-isis-100-ipv6]\naddress-family ipv6 unicast"
        },
        {
            "command": "multi-topology",
            "output": "[SW-isis-100-ipv6]\nmulti-topology"
        },
        {
            "command": "quit",
            "output": "[SW-isis-100]\nquit"
        },
        {
            "command": "quit",
            "output": "[SW]\nquit"
        },
        {
            "command": "vlan 123",
            "output": "[SW-vlan123]\nvlan 123"
        },
        {
            "command": "quit",
            "output": "[SW]\nquit"
        },
        {
            "command": "interface GigabitEthernet1/0/1111",
            "output": "interface GigabitEthernet1/0/1111\n              ^\n % Wrong parameter found at '^' position.\n[SW]"
        }
    ],
    "system_info": "display version\nH3C Comware Software, Version 7.1.070, Alpha 7170\nCopyright (c) 2004-2022 New H3C Technologies Co., Ltd. All rights reserved.\nH3C S6850 uptime is 0 weeks, 0 days, 9 hours, 18 minutes\nLast reboot reason: User reboot\nBoot image: flash:/s6850-cmw710-boot-t7064p15.bin\nBoot image version: 7.1.070, Alpha 7170\n  Compiled Nov 21 2022 11:00:00\nBoot image: flash:/s6850-cmw710-system-t7064p15.bin\nBoot image version: 7.1.070, Alpha 7170\n  Compiled Nov 21 2022 11:00:00\n\nSlot 1:\nS6850 with 2 Processors\nBOARD TYPE: S6850\nDRAM:  512M bytes\nFLASH: 1024M bytes\nPCB 1 Version: VER.C\nBootrom Version: 908\nCPLD 1 Version: 002\nCPLD 2 Version: 002\nRelease Version: H3C S6850\nPatch Version: None\nReboot Cause: User reboot\n[SubSlot 0] 48SFP Plus+4QSFP Plus"
}