{
    "status": "Failed",
    "timestamp": "20250328_140213",
    "result": [
        {
            "command": "system-view",
            "output": "[RoCE-storage]\nsystem-view"
        },
        {
            "command": "isis 100",
            "output": "isis 100\n[RoCE-storage-isis-100]"
        },
        {
            "command": "interface loopback12",
            "output": "[RoCE-storage-LoopBack12]\ninterface loopback12"
        },
        {
            "command": "isis enable 100",
            "output": "[RoCE-storage-LoopBack12]\nisis enable 100"
        },
        {
            "command": "isis ipv6 enable 100",
            "output": "[RoCE-storage-LoopBack12]\nisis ipv6 enable 100\nIPv6 is not enabled for the process."
        },
        {
            "command": "isis circuit-level level-2",
            "output": "[RoCE-storage-LoopBack12]\nisis circuit-level level-2"
        },
        {
            "command": "isis cost 10",
            "output": "[RoCE-storage-LoopBack12]\nisis cost 10"
        },
        {
            "command": "quit",
            "output": "[RoCE-storage]\nquit"
        },
        {
            "command": "interface loopback12",
            "output": "[RoCE-storage-LoopBack12]\ninterface loopback12"
        },
        {
            "command": "ip address 142.168.1.1 24",
            "output": "[RoCE-storage-LoopBack12]\nip address 142.168.1.1 24"
        },
        {
            "command": "ipv6 address 3925::1 64",
            "output": "[RoCE-storage-LoopBack12]\nipv6 address 3925::1 64"
        },
        {
            "command": "quit",
            "output": "[RoCE-storage]\nquit"
        }
    ],
    "system_info": ""
}